Watching for file changes with StatReloader
[24/Mar/2026 10:31:21] "GET / HTTP/1.1" 302 0
[24/Mar/2026 10:31:21] "GET /login/?next=/ HTTP/1.1" 200 1509
[24/Mar/2026 10:31:24] "GET /playlists/playlist/ HTTP/1.1" 302 0
[24/Mar/2026 10:31:24] "GET /login/?next=/playlists/playlist/ HTTP/1.1" 200 1509
[24/Mar/2026 10:31:55] "GET /login/ HTTP/1.1" 200 1509
[24/Mar/2026 10:31:56] "POST /login/ HTTP/1.1" 200 1742
[24/Mar/2026 10:31:58] "GET /playlists/playlist/ HTTP/1.1" 302 0
[24/Mar/2026 10:31:58] "GET /login/?next=/playlists/playlist/ HTTP/1.1" 200 1509
[24/Mar/2026 10:32:32] "GET / HTTP/1.1" 302 0
[24/Mar/2026 10:32:32] "GET /login/?next=/ HTTP/1.1" 200 1509
[24/Mar/2026 10:33:28] "GET /login/ HTTP/1.1" 200 1509
[24/Mar/2026 10:33:29] "POST /login/ HTTP/1.1" 302 0
[24/Mar/2026 10:33:30] "GET / HTTP/1.1" 200 7018
[24/Mar/2026 10:33:30] "GET /static/img/BO.png HTTP/1.1" 200 8670
[24/Mar/2026 10:33:30] "GET /static/img/Playlists.png HTTP/1.1" 200 5884
[24/Mar/2026 10:33:30] "GET /static/img/image.png HTTP/1.1" 200 25622
[24/Mar/2026 10:33:30] "GET /static/img/Plouf.png HTTP/1.1" 200 986935
[24/Mar/2026 10:34:32] "GET /login/ HTTP/1.1" 200 1509
[24/Mar/2026 10:34:33] "POST /login/ HTTP/1.1" 302 0
[24/Mar/2026 10:34:33] "GET / HTTP/1.1" 200 7018
[24/Mar/2026 10:34:33] "GET /static/img/image.png HTTP/1.1" 200 25622
[24/Mar/2026 10:34:33] "GET /static/img/Playlists.png HTTP/1.1" 200 5884
[24/Mar/2026 10:34:33] "GET /static/img/BO.png HTTP/1.1" 200 8670
[24/Mar/2026 10:34:33] "GET /static/img/Plouf.png HTTP/1.1" 200 986935
[24/Mar/2026 10:35:43] "GET /login/ HTTP/1.1" 200 1509
[24/Mar/2026 10:35:44] "POST /login/ HTTP/1.1" 302 0
[24/Mar/2026 10:35:44] "GET / HTTP/1.1" 200 7720
[24/Mar/2026 10:35:44] "GET /static/img/Playlists.png HTTP/1.1" 200 5884
[24/Mar/2026 10:35:44] "GET /static/img/image.png HTTP/1.1" 200 25622
[24/Mar/2026 10:35:44] "GET /static/img/BO.png HTTP/1.1" 200 8670
[24/Mar/2026 10:35:44] "GET /static/img/surprise.png HTTP/1.1" 200 242234
[24/Mar/2026 10:35:44] "GET /static/img/Plouf.png HTTP/1.1" 200 986935
[24/Mar/2026 10:35:49] "GET /playlists/bande_originale/ HTTP/1.1" 200 6766
